RAM Allocation [bytes]
Variable                                                                          Address   Size
------------------------------------------------------------------------------------------------
_seed                                                                             0x0160       4

EEPROM Allocation [bytes]
Variable                                                                          Address   Size
------------------------------------------------------------------------------------------------

Register Allocation
Variable                                                                          Register  Size
------------------------------------------------------------------------------------------------

FLASH Allocation [words]
Function                                                                          Address   Size
------------------------------------------------------------------------------------------------
main                                                                              0x00061     76
ftrunc                                                                            0x000AD     49
floor                                                                             0x000DE     19
log                                                                               0x000F1    134
exp                                                                               0x00177    154
pow                                                                               0x00211     82
